// Jest Snapshot v1, https://goo.gl/fbAQLP

exports[`container tests render tests should match snapshot 1`] = `
<Container>
  <div
    style={
      Object {
        "position": "relative",
      }
    }
  >
    <form
      onSubmit={[Function]}
      style={
        Object {
          "position": "absolute",
          "right": 10,
          "top": -60,
        }
      }
    >
      <input
        placeholder="Global Search..."
        style={
          Object {
            "border": "1px solid #ddd",
            "borderRadius": 5,
            "marginRight": 10,
            "padding": 10,
            "width": 150,
          }
        }
      />
      <button
        className="btn"
        type="submit"
      >
        go
      </button>
    </form>
    <PageNav
      loading={true}
      next=""
      onClick={[Function]}
      page={0}
      prev=""
    >
      <div
        style={
          Object {
            "display": "flex",
            "margin": 10,
            "textAlign": "center",
          }
        }
      >
        <div
          style={
            Object {
              "width": "100%",
            }
          }
        />
        <div
          style={
            Object {
              "width": "100%",
            }
          }
        />
        <div
          style={
            Object {
              "width": "100%",
            }
          }
        />
      </div>
    </PageNav>
    <ViewType
      handleClick={[Function]}
      value={263}
      view="card"
    >
      <div
        style={
          Object {
            "background": "transparent",
            "position": "relative",
            "textAlign": "right",
            "width": "100%",
          }
        }
      >
        <img
          alt="Card View"
          className="view-btn active"
          id="card"
          onClick={[Function]}
          src="Icon-Cardview-Active.svg"
          title="Card View"
        />
        <img
          alt="List View"
          className="view-btn "
          id="list"
          onClick={[Function]}
          src="Icon-Listview.svg"
          title="List View"
        />
      </div>
    </ViewType>
    <Loading>
      <div
        className="wrapper"
      >
        <div
          className="one"
        />
        <div
          className="two"
        />
        <div
          className="three"
        />
        <div
          className="four"
        />
        <div
          className="lbl"
        >
          Loading...
        </div>
      </div>
    </Loading>
  </div>
</Container>
`;
